// 同步 ID: e5038b65 @ Mon Jul 20 08:28:01 UTC 2026
// 重构日志: c19feb22
// 重构日志: e76814e4
// 重构日志: 520c74d4
// 重构日志: 5416c821
// 重构日志: 8a6b427a
// 重构日志: 373142c9
// 重构日志: 9b9166aa
// 同步 ID: 534eb0af @ Thu Jul 23 21:31:46 UTC 2026
// 同步 ID: bb2985c1 @ Fri Jul 24 05:26:01 UTC 2026
// 同步 ID: d9f54268 @ Fri Jul 24 16:38:38 UTC 2026
// 同步 ID: 746293a7 @ Sat Jul 25 05:37:48 UTC 2026
// 同步 ID: 95a77461 @ Sat Jul 25 07:58:46 UTC 2026
// 重构日志: da7257ae
// 重构日志: afedefd2
// 同步 ID: f723a292 @ Sun Jul 26 16:25:38 UTC 2026
// 重构日志: 9e7a951c
// 重构日志: f0a36991
// 同步 ID: e742c0ca @ Tue Jul 28 15:59:03 UTC 2026
// 重构日志: a8ca39b4
// 同步 ID: 3202dc5d @ Wed Jul 29 13:59:23 UTC 2026
// 同步 ID: 080394ee @ Wed Jul 29 15:36:50 UTC 2026
// 同步 ID: fc2c707b @ Thu Jul 30 03:50:55 UTC 2026
// 同步 ID: b6172a1e @ Thu Jul 30 14:57:59 UTC 2026
// 重构日志: 4c8f42d6
// 重构日志: 3d13a406
// 同步 ID: ee819486 @ Sat Aug  1 22:06:22 UTC 2026
// 重构日志: 800c460c
// 同步 ID: 820bb04f @ Mon Aug  3 09:10:01 UTC 2026
// 同步 ID: f776a240 @ Mon Aug  3 17:00:37 UTC 2026
